C:\Users\santi\Desktop\Productos\src\main\java\com\example\Productos\servicio\ClienteServicio.java
C:\Users\santi\Desktop\Productos\src\main\java\com\example\Productos\controlador\RegistroClienteControlador.java
C:\Users\santi\Desktop\Productos\src\main\java\com\example\Productos\ProductosApplication.java
C:\Users\santi\Desktop\Productos\src\main\java\com\example\Productos\controlador\ProductoControlador.java
C:\Users\santi\Desktop\Productos\src\main\java\com\example\Productos\entidades\Rol.java
C:\Users\santi\Desktop\Productos\src\main\java\com\example\Productos\entidades\Cliente.java
C:\Users\santi\Desktop\Productos\src\main\java\com\example\Productos\repositorio\ClienteRepositorio.java
C:\Users\santi\Desktop\Productos\src\main\java\com\example\Productos\servicio\ClienteServicioDTO.java
C:\Users\santi\Desktop\Productos\src\main\java\com\example\Productos\entidades\Producto.java
C:\Users\santi\Desktop\Productos\src\main\java\com\example\Productos\repositorio\ProductoRepositorio.java
C:\Users\santi\Desktop\Productos\src\main\java\com\example\Productos\controlador\ClienteControlador.java
C:\Users\santi\Desktop\Productos\src\main\java\com\example\Productos\servicio\ProductoServicio.java
C:\Users\santi\Desktop\Productos\src\main\java\com\example\Productos\seguridad\SecurityConfiguration.java
C:\Users\santi\Desktop\Productos\src\main\java\com\example\Productos\dto\ClienteRegistroDTO.java
